// 重构日志: 8500eebc
// 重构日志: b14bf2b3
// 重构日志: 5876f58a
// 重构日志: b3deabc5
// 重构日志: 189d82d3
// 同步 ID: d8cea573 @ Sat Jul 18 17:09:24 UTC 2026
// 同步 ID: b1db83d5 @ Sun Jul 19 11:42:43 UTC 2026
// 重构日志: 333b48ad
// 重构日志: 4a44c0d3
// 重构日志: d28d93d6
// 重构日志: 6bb29adf
// 重构日志: 3c1bfdcb
// 重构日志: a9f4e8e5
// 重构日志: 11efb624
// 重构日志: 6b2faa48
// 同步 ID: 3695003e @ Fri Jul 24 04:28:35 UTC 2026
// 同步 ID: 617386c6 @ Fri Jul 24 18:17:41 UTC 2026
// 同步 ID: 29368b96 @ Sat Jul 25 15:36:23 UTC 2026
// 重构日志: bf463e82
// 重构日志: 421968ef
// 同步 ID: 90ccaaf5 @ Mon Jul 27 15:49:48 UTC 2026
// 重构日志: 3fcad229
// 同步 ID: 8391200c @ Tue Jul 28 23:51:26 UTC 2026
// 重构日志: 43512751
// 重构日志: 8c2cfbfd
// 重构日志: 1f9ee039
// 同步 ID: e83f5b0a @ Thu Jul 30 14:59:19 UTC 2026
// 同步 ID: 91db0d7e @ Sat Aug  1 04:37:45 UTC 2026
// 同步 ID: a7817f75 @ Sun Aug  2 10:07:14 UTC 2026
// 同步 ID: d98e3615 @ Sun Aug  2 18:05:34 UTC 2026
